error[E0597]: `storage` does not live long enough
  --> tests/ui/block_pool_storage_lifetime_too_small.rs:14:38
   |
13 |     let mut storage = [const { MyBlock::new() }; 5];
   |         ----------- binding `storage` declared here
14 |     BlockPool::create(pool.as_ref(), &mut storage, &Default::default()).unwrap();
   |                                      ^^^^^^^^^^^^ borrowed value does not live long enough
15 | }
   | -
   | |
   | `storage` dropped here while still borrowed
   | borrow might be used here, when `pinned` is dropped and runs the `Drop` code for type `BlockPoolContext`
   |
   = note: values in a scope are dropped in the opposite order they are defined

error[E0597]: `lower` does not live long enough
  --> tests/ui/block_pool_storage_lifetime_too_small.rs:28:38
   |
25 |     let mut lower = [const { MyBlock::new() }; 5];
   |         --------- binding `lower` declared here
...
28 |     BlockPool::create(pool.as_ref(), &mut lower, &Default::default()).unwrap(); // ERROR: lower lifetime less than pool.
   |                                      ^^^^^^^^^^ borrowed value does not live long enough
29 | }
   | -
   | |
   | `lower` dropped here while still borrowed
   | borrow might be used here, when `pinned` is dropped and runs the `Drop` code for type `BlockPoolContext`
   |
   = note: values in a scope are dropped in the opposite order they are defined

error[E0597]: `lower` does not live long enough
  --> tests/ui/block_pool_storage_lifetime_too_small.rs:41:38
   |
39 |     let mut lower = [const { MyBlock::new() }; 5];
   |         --------- binding `lower` declared here
40 |
41 |     BlockPool::create(pool.as_ref(), &mut lower, &Default::default()).unwrap(); // ERROR: lower lifetime less than pool.
   |                                      ^^^^^^^^^^ borrowed value does not live long enough
42 |     BlockPool::create(pool.as_ref(), &mut upper, &Default::default()).unwrap(); // OK: upper lifetime greater than pool.
43 | }
   | -
   | |
   | `lower` dropped here while still borrowed
   | borrow might be used here, when `pinned` is dropped and runs the `Drop` code for type `BlockPoolContext`
   |
   = note: values in a scope are dropped in the opposite order they are defined
