error[E0597]: `name` does not live long enough
  --> tests/ui/block_pool_option_name.rs:14:22
   |
10 |     let pool = pin!(BlockPool::context());
   |                -------------------------- a temporary with access to the borrow is created here ...
11 |
12 |     let name = CString::new("name").unwrap();
   |         ---- binding `name` declared here
13 |     let mut opts = BlockPoolOptions::default();
14 |     opts.name = Some(&name);
   |                      ^^^^^ borrowed value does not live long enough
...
17 | }
   | -
   | |
   | `name` dropped here while still borrowed
   | ... and the borrow might be used here, when that temporary is dropped and runs the `Drop` code for type `BlockPoolContext`
